---
source: crates/providers/ferrin-google/tests/suite/speech.rs
expression: request
---
{
  "contents": [
    {
      "role": "user",
      "parts": [
        {
          "text": "Cheerfully: Hello"
        }
      ]
    }
  ],
  "generationConfig": {
    "responseModalities": [
      "AUDIO"
    ],
    "speechConfig": {
      "voiceConfig": {
        "prebuiltVoiceConfig": {
          "voiceName": "Kore"
        }
      }
    }
  }
}
