---
source: crates/providers/ferrin-google/tests/suite/interactions.rs
expression: parts
---
[
  {
    "type": "stream-start",
    "warnings": []
  },
  {
    "type": "response-metadata",
    "id": "interaction-2"
  },
  {
    "type": "tool-input-start",
    "id": "call-1",
    "tool_name": "weather",
    "provider_metadata": {
      "google": {
        "interactionId": "interaction-2",
        "stepType": "function_call"
      }
    }
  },
  {
    "type": "tool-input-delta",
    "id": "call-1",
    "delta": "{\"city\":"
  },
  {
    "type": "tool-input-delta",
    "id": "call-1",
    "delta": "\"Paris\"}"
  },
  {
    "type": "tool-input-end",
    "id": "call-1",
    "provider_metadata": {
      "google": {
        "interactionId": "interaction-2",
        "signature": "function-signature",
        "stepType": "function_call"
      }
    }
  },
  {
    "type": "tool-call",
    "tool_call_id": "call-1",
    "tool_name": "weather",
    "input": "{\"city\":\"Paris\"}",
    "provider_metadata": {
      "google": {
        "interactionId": "interaction-2",
        "signature": "function-signature",
        "stepType": "function_call"
      }
    }
  },
  {
    "type": "finish",
    "finish_reason": {
      "unified": "tool-calls",
      "raw": "requires_action"
    },
    "usage": {
      "input": {
        "total": 5,
        "no_cache": 5
      },
      "output": {
        "total": 2,
        "text": 2
      },
      "raw": {
        "total_input_tokens": 5,
        "total_output_tokens": 2
      }
    },
    "provider_metadata": {
      "google": {
        "interactionId": "interaction-2"
      }
    }
  }
]
