---
source: crates/providers/ferrin-google/tests/suite/generate.rs
expression: result.content
---
[
  {
    "type": "tool-call",
    "tool_call_id": "id-0",
    "tool_name": "code_execution",
    "input": "{\"language\":\"PYTHON\",\"code\":\"print(2 + 2)\"}",
    "provider_executed": true,
    "provider_metadata": {
      "google": {
        "serverToolType": "code_execution"
      }
    }
  },
  {
    "type": "tool-result",
    "tool_call_id": "id-0",
    "tool_name": "code_execution",
    "result": {
      "outcome": "OUTCOME_OK",
      "output": "4\n"
    },
    "provider_metadata": {
      "google": {
        "serverToolType": "code_execution"
      }
    }
  },
  {
    "type": "text",
    "text": "The result is 4."
  }
]
