---
source: crates/providers/ferrin-openai/tests/suite/responses_request.rs
expression: prepared.body
---
{
  "model": "gpt-5",
  "input": [
    {
      "role": "user",
      "content": [
        {
          "type": "input_text",
          "text": "Hello"
        }
      ]
    }
  ],
  "text": {
    "verbosity": "low"
  },
  "max_tool_calls": 4,
  "metadata": {
    "trace": "abc"
  },
  "parallel_tool_calls": false,
  "store": false,
  "user": "user-1",
  "instructions": "Answer in French.",
  "service_tier": "priority",
  "include": [
    "file_search_call.results",
    "message.output_text.logprobs",
    "reasoning.encrypted_content"
  ],
  "prompt_cache_key": "cache-1",
  "safety_identifier": "safe-1",
  "top_logprobs": 3,
  "truncation": "auto",
  "reasoning": {
    "effort": "low",
    "summary": "auto"
  }
}
